[site22650311.nicepage.io/index.html]
[backblue.gif]
[fade.gif]
[index.html]
[capp.nicepage.com/8adec74e48a019c11f32b5f5e604a2edc66b868e/nicepage.css]
[site22650311.nicepage.io/nicepage-site.css]
[site22650311.nicepage.io/index.css]
[capp.nicepage.com/8adec74e48a019c11f32b5f5e604a2edc66b868e/nicepage.js]
[assets.nicepagecdn.com/c9b1c2dd/6508467/images/Logo.png]
[capp.nicepage.com/assets/jquery-3.5.1.min.js]
[www.google.com/recaptcha/api2fdf.js]
[site22650311.nicepage.io/About-Us.html]
[site22650311.nicepage.io/Contact.html]
[assets.nicepagecdn.com/c9b1c2dd/6508467/images/IMG_3969.png]
[assets.nicepagecdn.com/c9b1c2dd/6508467/images/instagram_2111463.png]
[assets.nicepagecdn.com/c9b1c2dd/6508467/images/chart_6117361.png]
[assets.nicepagecdn.com/c9b1c2dd/6508467/images/business-card_4746925-0d227702.png]
[assets.nicepagecdn.com/c9b1c2dd/6508467/images/video-player_5251526.png]
[assets.nicepagecdn.com/c9b1c2dd/6508467/images/megaphone_8859114-dd8f15b7.png]
[assets.nicepagecdn.com/c9b1c2dd/6508467/images/1-c4a128c4.png]
[assets.nicepagecdn.com/c9b1c2dd/6508467/images/2-85f8eee9.png]
[assets.nicepagecdn.com/c9b1c2dd/6508467/images/3-f4481864.png]
[site22650311.nicepage.io/index.html]
[capp.nicepage.com/8adec74e48a019c11f32b5f5e604a2edc66b868e/nicepage.css]
[site22650311.nicepage.io/nicepage-site.css]
[assets.nicepagecdn.com/c9b1c2dd/6508467/images/IMG_3958.jpg]
[assets.nicepagecdn.com/c9b1c2dd/6508467/images/photo_2025-05-16_20-48-28.jpg]
[assets.nicepagecdn.com/c9b1c2dd/6508467/images/photo_2025-05-16_20-48-05.jpg]
[site22650311.nicepage.io/index.css]
[site22650311.nicepage.io/Content/BundledScripts/index.html]
[site22650311.nicepage.io/recaptcha/api.15.delayed]
[site22650311.nicepage.io/recaptcha/enterprise.js]
[site22650311.nicepage.io/signature.png]
[capp.nicepage.com/8adec74e48a019c11f32b5f5e604a2edc66b868e/nicepage.js]
[site22650311.nicepage.io/ABCDEFGHIJKLMNOPQRSTUVWXYZabcdefghijklmnopqrstuvwxyz0123456789+/index.html]
[site22650311.nicepage.io/About-Us.css]
[assets.nicepagecdn.com/c9b1c2dd/6508467/images/IMG_39661.jpg]
[site22650311.nicepage.io/About-Us.html]
[site22650311.nicepage.io/Contact.css]
[site22650311.nicepage.io/Contact.html]
[site22650311.nicepage.io/Content/BundledScripts/index.html]
[site22650311.nicepage.io/recaptcha/api.html]
[site22650311.nicepage.io/recaptcha/enterprise.html]
[site22650311.nicepage.io/signature.html]
[site22650311.nicepage.io/ABCDEFGHIJKLMNOPQRSTUVWXYZabcdefghijklmnopqrstuvwxyz0123456789+/index.html]
[site22650311.nicepage.io/About-Us.css]
[site22650311.nicepage.io/Contact.css]
